// Jest Snapshot v1, https://goo.gl/fbAQLP

exports[`client integration store not taken from window 1`] = `
<div>
  {"custom":"custom"}
  {"reduxStatus":"foo"}
</div>
`;

exports[`client integration store taken from window 1`] = `
<div>
  {"custom":"custom"}
  {"reduxStatus":"foo"}
</div>
`;
